[tharit.tothong.com/index.html]
[backblue.gif]
[fade.gif]
[index.html]
[tharit.tothong.com/dist/css/bootstrap.min.css]
[tharit.tothong.com/dist/css/bootstrap-theme.min.css]
[tharit.tothong.com/assets/ico/apple-touch-icon-144-precomposed.png]
[tharit.tothong.com/assets/ico/favicon.ico]
[tharit.tothong.com/assets/img/logo_bw.png]
[tharit.tothong.com/resume.pdf]
[tharit.tothong.com/assets/img/c_face_mod.jpg]
[tharit.tothong.com/thatthey/index.html]
[tharit.tothong.com/assets/img/t_thatthey.png]
[tharit.tothong.com/assets/img/t_fusevj.png]
[tharit.tothong.com/assets/img/t_estee.png]
[tharit.tothong.com/pcomp/index.html]
[tharit.tothong.com/assets/img/t_pcomp.png]
[tharit.tothong.com/igivemore/index.html]
[tharit.tothong.com/assets/img/t_igivemore.png]
[tharit.tothong.com/giflip/index.html]
[tharit.tothong.com/assets/img/t_giflip.png]
[tharit.tothong.com/4chette/index.html]
[tharit.tothong.com/assets/img/t_4chette.png]
[tharit.tothong.com/simxsim/index.html]
[tharit.tothong.com/assets/img/t_simxsim.png]
[tharit.tothong.com/avsys/index.html]
[tharit.tothong.com/assets/img/t_avsys.png]
[tharit.tothong.com/angulator/index.html]
[tharit.tothong.com/assets/img/t_angulator.png]
[tharit.tothong.com/algo/index.html]
[tharit.tothong.com/assets/img/t_algo.png]
[tharit.tothong.com/typhoonflux/index.html]
[tharit.tothong.com/assets/img/t_typhoonflux.png]
[tharit.tothong.com/sdub/index.html]
[tharit.tothong.com/assets/img/t_sdub.png]
[tharit.tothong.com/soi/index.html]
[tharit.tothong.com/assets/img/t_soi.png]
[tharit.tothong.com/hom/index.html]
[tharit.tothong.com/assets/img/t_hom.png]
[tharit.tothong.com/khwanpattana/index.html]
[tharit.tothong.com/assets/img/t_khwanpattana.png]
[tharit.tothong.com/assets/img/c_map.jpg]
[ajax.googleapis.com/ajax/libs/jquery/1.11.0/jquery.min.js]
[tharit.tothong.com/dist/js/bootstrap.min.js]
[tharit.tothong.com/assets/js/docs.min.js]
[platform.twitter.com/widgets.js]
[secure.gaug.es/track.js]
[tharit.tothong.com/index.html]
[tharit.tothong.com/dist/css/Aaargh-webfont.2d.delayed]
[tharit.tothong.com/dist/css/Aaargh-webfontd41d.eot]
[tharit.tothong.com/dist/css/Aaargh-webfont.woff]
[tharit.tothong.com/dist/css/Aaargh-webfont.ttf]
[tharit.tothong.com/dist/css/Aaargh-webfont.svg]
[tharit.tothong.com/dist/fonts/glyphicons-halflings-regular.eot]
[tharit.tothong.com/dist/fonts/glyphicons-halflings-regulard41d.eot]
[tharit.tothong.com/dist/fonts/glyphicons-halflings-regular.woff]
[tharit.tothong.com/dist/fonts/fontawesome-webfontba72.eot]
[tharit.tothong.com/dist/fonts/glyphicons-halflings-regular.ttf]
[tharit.tothong.com/dist/fonts/fontawesome-webfontd41d.eot]
[tharit.tothong.com/dist/css/bootstrap.min.css]
[tharit.tothong.com/dist/css/bootstrap-theme.min.css]
[tharit.tothong.com/thatthey/resume.pdf]
[tharit.tothong.com/assets/img/thatthey/ttLogo.png]
[tharit.tothong.com/assets/img/thatthey/firm-paul-03 copy.jpg]
[tharit.tothong.com/dist/fonts/fontawesome-webfontba72.woff]
[tharit.tothong.com/dist/fonts/fontawesome-webfontba72.ttf]
[tharit.tothong.com/assets/img/thatthey/2013-05-14 19.20.21.jpg]
[tharit.tothong.com/assets/img/thatthey/howtoplay.jpg]
[tharit.tothong.com/thatthey/index.html]
[tharit.tothong.com/pcomp/resume.pdf]
[tharit.tothong.com/assets/img/pcomp/69_20111111-dsc0311.jpg]
[tharit.tothong.com/assets/img/pcomp/69_20111111-dsc0323.jpg]
[tharit.tothong.com/assets/img/pcomp/69_20111111-dsc0325.jpg]
[tharit.tothong.com/pcomp/index.html]
[tharit.tothong.com/igivemore/resume.46.delayed]
[tharit.tothong.com/assets/img/igivemore/breezi_placeit-2.png]
[tharit.tothong.com/assets/img/igivemore/breezi_placeit.png]
[tharit.tothong.com/igivemore/index.html]
[tharit.tothong.com/giflip/resume.49.delayed]
[tharit.tothong.com/assets/img/giflip/logo.png]
[tharit.tothong.com/assets/img/giflip/Firm_Ceyda_final2.jpg]
[tharit.tothong.com/assets/img/giflip/Firm_Ceyda_final3.jpg]
[tharit.tothong.com/assets/img/giflip/Firm_Ceyda_final4.jpg]
[tharit.tothong.com/assets/img/giflip/Firm_Ceyda_final5.jpg]
[tharit.tothong.com/assets/img/giflip/Firm_Ceyda_final6.jpg]
[tharit.tothong.com/assets/img/giflip/Firm_Ceyda_final7.jpg]
[tharit.tothong.com/assets/img/giflip/Firm_Ceyda_final8.jpg]
[tharit.tothong.com/assets/img/giflip/Firm_Ceyda_final9.jpg]
[tharit.tothong.com/assets/img/giflip/Firm_Ceyda_final10.jpg]
[tharit.tothong.com/assets/img/giflip/Firm_Ceyda_final11.jpg]
[tharit.tothong.com/assets/img/giflip/Firm_Ceyda_final12.jpg]
[tharit.tothong.com/assets/img/giflip/Firm_Ceyda_final13.jpg]
[tharit.tothong.com/assets/img/giflip/Firm_Ceyda_final14.jpg]
[tharit.tothong.com/assets/img/giflip/Firm_Ceyda_final15.jpg]
[tharit.tothong.com/assets/img/giflip/Firm_Ceyda_final16.jpg]
[tharit.tothong.com/giflip/index.html]
[tharit.tothong.com/4chette/resume.5a.delayed]
[tharit.tothong.com/assets/img/4chette/forkmenot.jpg]
[tharit.tothong.com/assets/img/4chette/4chette_final_mod.jpg]
[tharit.tothong.com/assets/img/4chette/SCN_0001.jpg]
[tharit.tothong.com/assets/img/4chette/sketch.jpg]
[tharit.tothong.com/4chette/index.html]
[tharit.tothong.com/simxsim/resume.5f.delayed]
[tharit.tothong.com/assets/img/simxsim/2012-12-18 15.11.11.jpg]
[tharit.tothong.com/assets/img/simxsim/2012-12-18 15.10.43.jpg]
[tharit.tothong.com/assets/img/simxsim/2012-12-18 15.11.02.jpg]
[tharit.tothong.com/assets/img/simxsim/project3 SimGDSim.jpg]
[tharit.tothong.com/assets/img/simxsim/2012-12-18 15.10.31.jpg]
[tharit.tothong.com/simxsim/index.html]
[tharit.tothong.com/avsys/resume.65.delayed]
[tharit.tothong.com/assets/img/avsys/20120314-_DSC0011.jpg]
[tharit.tothong.com/assets/img/avsys/20120314-_DSC0015.jpg]
[tharit.tothong.com/assets/img/avsys/20120314-_DSC0017.jpg]
[tharit.tothong.com/avsys/index.html]
[tharit.tothong.com/angulator/resume.69.delayed]
[tharit.tothong.com/assets/img/angulator/20120314-_DSC0001.jpg]
[tharit.tothong.com/assets/img/angulator/20120314-_DSC0004.jpg]
[tharit.tothong.com/assets/img/angulator/20120314-_DSC0006.jpg]
[tharit.tothong.com/angulator/index.html]
[tharit.tothong.com/algo/resume.6d.delayed]
[tharit.tothong.com/algo/index.html]
[tharit.tothong.com/typhoonflux/resume.pdf]
[tharit.tothong.com/assets/img/typhoonflux/concept.png]
[tharit.tothong.com/assets/img/typhoonflux/two_way1_905.jpg]
[tharit.tothong.com/assets/img/typhoonflux/PRSsign.jpg]
[tharit.tothong.com/assets/img/typhoonflux/3iterate2.png]
[tharit.tothong.com/assets/img/typhoonflux/iteration_1_2_o.jpg]
[tharit.tothong.com/assets/img/typhoonflux/interation_1_1_905.jpg]
[tharit.tothong.com/assets/img/typhoonflux/gameplay_905.jpg]
[tharit.tothong.com/assets/img/typhoonflux/concept3.jpg]
[tharit.tothong.com/assets/img/typhoonflux/concept2-2.jpg]
[tharit.tothong.com/typhoonflux/index.html]
[tharit.tothong.com/sdub/resume.78.delayed]
[tharit.tothong.com/assets/img/sdub/sdubhead.jpg]
[tharit.tothong.com/assets/img/sdub/padUI.png]
[tharit.tothong.com/sdub/index.html]
[tharit.tothong.com/soi/resume.7b.delayed]
[tharit.tothong.com/assets/img/soi/34_head1.jpg]
[tharit.tothong.com/assets/img/soi/34_head22.jpg]
[tharit.tothong.com/assets/img/soi/34_platefin7sm.jpg]
[tharit.tothong.com/assets/img/soi/34_section.jpg]
[tharit.tothong.com/assets/img/soi/34_untitled-1.jpg]
[tharit.tothong.com/assets/img/soi/34_untitled-2.jpg]
[tharit.tothong.com/assets/img/soi/34_untitled-3 copy.jpg]
[tharit.tothong.com/assets/img/soi/34_untitled-4.jpg]
[tharit.tothong.com/assets/img/soi/34_untitled-5.jpg]
[tharit.tothong.com/assets/img/soi/34_logodraft.jpg]
[tharit.tothong.com/soi/index.html]
[tharit.tothong.com/hom/resume.86.delayed]
[tharit.tothong.com/assets/img/hom/title.jpg]
[tharit.tothong.com/assets/img/hom/Screen Shot 2014-02-21 at 6.40.21 AM.png]
[tharit.tothong.com/assets/img/hom/Screen Shot 2014-02-21 at 6.39.09 AM.png]
[tharit.tothong.com/assets/img/hom/Screen Shot 2014-02-21 at 6.39.21 AM.png]
[tharit.tothong.com/assets/img/hom/Screen Shot 2014-02-21 at 6.39.37 AM.png]
[tharit.tothong.com/assets/img/hom/Screen Shot 2014-02-21 at 6.40.32 AM.png]
[tharit.tothong.com/assets/img/hom/Screen Shot 2014-02-21 at 6.39.48 AM.png]
[tharit.tothong.com/hom/index.html]
[tharit.tothong.com/khwanpattana/resume.8e.delayed]
[tharit.tothong.com/assets/img/khwanpattana/43_sm-plate1.jpg]
[tharit.tothong.com/assets/img/khwanpattana/43_sm-plate2.jpg]
[tharit.tothong.com/assets/img/khwanpattana/43_untitled-1.jpg]
[tharit.tothong.com/assets/img/khwanpattana/43_untitled-2.jpg]
[tharit.tothong.com/assets/img/khwanpattana/43_untitled-3.jpg]
[tharit.tothong.com/assets/img/khwanpattana/43_untitled-4.jpg]
[tharit.tothong.com/assets/img/khwanpattana/43_untitled-5.jpg]
[tharit.tothong.com/assets/img/khwanpattana/43_untitled-6.jpg]
[tharit.tothong.com/assets/img/khwanpattana/43_untitled-7.jpg]
[tharit.tothong.com/assets/img/khwanpattana/43_untitled-8.jpg]
[tharit.tothong.com/assets/img/khwanpattana/43_untitled-9.jpg]
[tharit.tothong.com/assets/img/khwanpattana/43_untitled-10.jpg]
[tharit.tothong.com/assets/img/khwanpattana/43_untitled-11_v2.jpg]
[tharit.tothong.com/assets/img/khwanpattana/43_untitled-12.jpg]
[tharit.tothong.com/assets/img/khwanpattana/43_untitled-13.jpg]
[tharit.tothong.com/assets/img/khwanpattana/43_untitled-14.jpg]
[tharit.tothong.com/khwanpattana/index.html]
[tharit.tothong.com/track.9f.delayed]
[tharit.tothong.com/track.gif]
[secure.gaug.es/track.js]
[tharit.tothong.com/dist/css/Aaargh-webfont.html]
[tharit.tothong.com/dist/css/Aaargh-webfontd41d.html]
[tharit.tothong.com/dist/css/Aaargh-webfont-2.html]
[tharit.tothong.com/dist/css/Aaargh-webfont-3.html]
[tharit.tothong.com/dist/css/Aaargh-webfont-4.html]
[tharit.tothong.com/dist/fonts/glyphicons-halflings-regular.svg]
[tharit.tothong.com/dist/fonts/fontawesome-webfontba72.svg]
[tharit.tothong.com/thatthey/resume.html]
[tharit.tothong.com/assets/img/thatthey/rgbbanner.jpg]
[tharit.tothong.com/assets/img/thatthey/breezi_placeit_tt.png]
[tharit.tothong.com/assets/img/thatthey/2013-05-14 19.20.21.jpg]
[tharit.tothong.com/fusevj]
[tharit.tothong.com/fusevj/index.html]
[tharit.tothong.com/estee]
[tharit.tothong.com/estee/index.html]
[tharit.tothong.com/pcomp/resume.html]
[tharit.tothong.com/igivemore/resume.html]
[tharit.tothong.com/giflip/resume.html]
[tharit.tothong.com/4chette/resume.html]
[tharit.tothong.com/assets/img/4chette/sketch.jpg]
[tharit.tothong.com/simxsim/resume.html]
[tharit.tothong.com/assets/img/simxsim/2012-12-18 15.11.11.jpg]
[tharit.tothong.com/assets/img/simxsim/2012-12-18 15.10.43.jpg]
[tharit.tothong.com/assets/img/simxsim/2012-12-18 15.10.31.jpg]
[tharit.tothong.com/avsys/resume.html]
[tharit.tothong.com/angulator/resume.html]
[tharit.tothong.com/assets/img/angulator/20120314-_DSC0006.jpg]
[tharit.tothong.com/algo/resume.html]
[tharit.tothong.com/typhoonflux/resume.html]
[tharit.tothong.com/assets/img/typhoonflux/concept.png]
[tharit.tothong.com/sdub/resume.html]
[tharit.tothong.com/soi/resume.html]
[tharit.tothong.com/hom/resume.html]
[tharit.tothong.com/assets/img/hom/title.jpg]
[tharit.tothong.com/khwanpattana/resume.html]
[tharit.tothong.com/track.html]
[tharit.tothong.com/track-2.html]
[tharit.tothong.com/fusevj/resume.a1.delayed]
[tharit.tothong.com/assets/img/fuse/Screen Shot 2013-09-15 at 2.33.35 AM.jpg]
[tharit.tothong.com/assets/img/fuse/Screen Shot 2013-05-16 at 2.49.04 PM.png]
[tharit.tothong.com/assets/img/fuse/Screen Shot 2013-05-12 at 1.12.23 AM.png]
[tharit.tothong.com/assets/img/fuse/Screen Shot 2013-05-12 at 1.07.52 AM.png]
[tharit.tothong.com/assets/img/fuse/Screen Shot 2013-05-11 at 7.51.51 PM.png]
[tharit.tothong.com/assets/img/fuse/Screen Shot 2013-05-11 at 4.27.41 PM.png]
[tharit.tothong.com/assets/img/fuse/Screen Shot 2013-05-11 at 3.44.56 PM.png]
[tharit.tothong.com/assets/img/fuse/Screen Shot 2013-05-11 at 2.56.24 PM.png]
[tharit.tothong.com/assets/img/fuse/1267617_10151636830435036_1601265773_o.jpg]
[tharit.tothong.com/assets/img/fuse/1264449_10151636825805036_204331865_o.jpg]
[tharit.tothong.com/fusevj/index.html]
[tharit.tothong.com/estee/resume.ac.delayed]
[tharit.tothong.com/assets/img/estee/2013-06-11 19.36.00.jpg]
[tharit.tothong.com/assets/img/estee/Screen Shot 2013-09-15 at 1.21.49 AM.png]
[tharit.tothong.com/assets/img/estee/Screen Shot 2013-09-15 at 1.25.50 AM.png]
[platform.vine.co/static/scripts/embed.js]
[tharit.tothong.com/estee/index.html]
[tharit.tothong.com/fusevj/resume.html]
[tharit.tothong.com/assets/img/fuse/Screen Shot 2013-05-16 at 2.49.04 PM.png]
[tharit.tothong.com/assets/img/fuse/Screen Shot 2013-05-11 at 3.44.56 PM.png]
[tharit.tothong.com/estee/resume.html]
[tharit.tothong.com/assets/img/estee/2013-06-11 19.36.00.jpg]
